 * Running on http://127.0.0.1:5000/ (Press CTRL+C to quit)
127.0.0.1 - - [12/May/2020 03:08:42] "[37mGET / HTTP/1.1[0m" 200 -
127.0.0.1 - - [12/May/2020 03:08:44] "[37mGET /register HTTP/1.1[0m" 200 -
[(1, 'ted', 'pbkdf2:sha256:150000$EpbWKI0w$04c3ee5b390be2cd92713fa283439798a4b6ce07f60ca23b1a2109ee8efaed95')]
127.0.0.1 - - [12/May/2020 03:08:52] "[37mPOST /register HTTP/1.1[0m" 200 -
127.0.0.1 - - [12/May/2020 03:09:20] "[37mGET /register HTTP/1.1[0m" 200 -
